C:\Program Files\dotnet\sdk\10.0.102\Microsoft.Common.CurrentVersion.targets(5381,5): warning MSB3026: Could not copy "c:\Users\letro\source\repos\PROJECT C#\FoodStreet.Server\obj\Debug\net8.0\apphost.exe" to "bin\Debug\net8.0\FoodStreet.Server.exe". Beginning retry 1 in 1000ms. The process cannot access the file 'c:\Users\letro\source\repos\PROJECT C#\FoodStreet.Server\bin\Debug\net8.0\FoodStreet.Server.exe' because it is being used by another process. The file is locked by: "FoodStreet.Server (28348)" [c:\Users\letro\source\repos\PROJECT C#\FoodStreet.Server\FoodStreet.Server.csproj]
C:\Program Files\dotnet\sdk\10.0.102\Microsoft.Common.CurrentVersion.targets(5381,5): warning MSB3026: Could not copy "c:\Users\letro\source\repos\PROJECT C#\FoodStreet.Server\obj\Debug\net8.0\apphost.exe" to "bin\Debug\net8.0\FoodStreet.Server.exe". Beginning retry 2 in 1000ms. The process cannot access the file 'c:\Users\letro\source\repos\PROJECT C#\FoodStreet.Server\bin\Debug\net8.0\FoodStreet.Server.exe' because it is being used by another process. The file is locked by: "FoodStreet.Server (28348)" [c:\Users\letro\source\repos\PROJECT C#\FoodStreet.Server\FoodStreet.Server.csproj]
C:\Program Files\dotnet\sdk\10.0.102\Microsoft.Common.CurrentVersion.targets(5381,5): warning MSB3026: Could not copy "c:\Users\letro\source\repos\PROJECT C#\FoodStreet.Server\obj\Debug\net8.0\apphost.exe" to "bin\Debug\net8.0\FoodStreet.Server.exe". Beginning retry 3 in 1000ms. The process cannot access the file 'c:\Users\letro\source\repos\PROJECT C#\FoodStreet.Server\bin\Debug\net8.0\FoodStreet.Server.exe' because it is being used by another process. The file is locked by: "FoodStreet.Server (28348)" [c:\Users\letro\source\repos\PROJECT C#\FoodStreet.Server\FoodStreet.Server.csproj]
C:\Program Files\dotnet\sdk\10.0.102\Microsoft.Common.CurrentVersion.targets(5381,5): warning MSB3026: Could not copy "c:\Users\letro\source\repos\PROJECT C#\FoodStreet.Server\obj\Debug\net8.0\apphost.exe" to "bin\Debug\net8.0\FoodStreet.Server.exe". Beginning retry 4 in 1000ms. The process cannot access the file 'c:\Users\letro\source\repos\PROJECT C#\FoodStreet.Server\bin\Debug\net8.0\FoodStreet.Server.exe' because it is being used by another process. The file is locked by: "FoodStreet.Server (28348)" [c:\Users\letro\source\repos\PROJECT C#\FoodStreet.Server\FoodStreet.Server.csproj]
C:\Program Files\dotnet\sdk\10.0.102\Microsoft.Common.CurrentVersion.targets(5381,5): warning MSB3026: Could not copy "c:\Users\letro\source\repos\PROJECT C#\FoodStreet.Server\obj\Debug\net8.0\apphost.exe" to "bin\Debug\net8.0\FoodStreet.Server.exe". Beginning retry 5 in 1000ms. The process cannot access the file 'c:\Users\letro\source\repos\PROJECT C#\FoodStreet.Server\bin\Debug\net8.0\FoodStreet.Server.exe' because it is being used by another process. The file is locked by: "FoodStreet.Server (28348)" [c:\Users\letro\source\repos\PROJECT C#\FoodStreet.Server\FoodStreet.Server.csproj]
C:\Program Files\dotnet\sdk\10.0.102\Microsoft.Common.CurrentVersion.targets(5381,5): warning MSB3026: Could not copy "c:\Users\letro\source\repos\PROJECT C#\FoodStreet.Server\obj\Debug\net8.0\apphost.exe" to "bin\Debug\net8.0\FoodStreet.Server.exe". Beginning retry 6 in 1000ms. The process cannot access the file 'c:\Users\letro\source\repos\PROJECT C#\FoodStreet.Server\bin\Debug\net8.0\FoodStreet.Server.exe' because it is being used by another process. The file is locked by: "FoodStreet.Server (28348)" [c:\Users\letro\source\repos\PROJECT C#\FoodStreet.Server\FoodStreet.Server.csproj]
C:\Program Files\dotnet\sdk\10.0.102\Microsoft.Common.CurrentVersion.targets(5381,5): warning MSB3026: Could not copy "c:\Users\letro\source\repos\PROJECT C#\FoodStreet.Server\obj\Debug\net8.0\apphost.exe" to "bin\Debug\net8.0\FoodStreet.Server.exe". Beginning retry 7 in 1000ms. The process cannot access the file 'c:\Users\letro\source\repos\PROJECT C#\FoodStreet.Server\bin\Debug\net8.0\FoodStreet.Server.exe' because it is being used by another process. The file is locked by: "FoodStreet.Server (28348)" [c:\Users\letro\source\repos\PROJECT C#\FoodStreet.Server\FoodStreet.Server.csproj]
C:\Program Files\dotnet\sdk\10.0.102\Microsoft.Common.CurrentVersion.targets(5381,5): warning MSB3026: Could not copy "c:\Users\letro\source\repos\PROJECT C#\FoodStreet.Server\obj\Debug\net8.0\apphost.exe" to "bin\Debug\net8.0\FoodStreet.Server.exe". Beginning retry 8 in 1000ms. The process cannot access the file 'c:\Users\letro\source\repos\PROJECT C#\FoodStreet.Server\bin\Debug\net8.0\FoodStreet.Server.exe' because it is being used by another process. The file is locked by: "FoodStreet.Server (28348)" [c:\Users\letro\source\repos\PROJECT C#\FoodStreet.Server\FoodStreet.Server.csproj]
C:\Program Files\dotnet\sdk\10.0.102\Microsoft.Common.CurrentVersion.targets(5381,5): warning MSB3026: Could not copy "c:\Users\letro\source\repos\PROJECT C#\FoodStreet.Server\obj\Debug\net8.0\apphost.exe" to "bin\Debug\net8.0\FoodStreet.Server.exe". Beginning retry 9 in 1000ms. The process cannot access the file 'c:\Users\letro\source\repos\PROJECT C#\FoodStreet.Server\bin\Debug\net8.0\FoodStreet.Server.exe' because it is being used by another process. The file is locked by: "FoodStreet.Server (28348)" [c:\Users\letro\source\repos\PROJECT C#\FoodStreet.Server\FoodStreet.Server.csproj]
C:\Program Files\dotnet\sdk\10.0.102\Microsoft.Common.CurrentVersion.targets(5381,5): warning MSB3026: Could not copy "c:\Users\letro\source\repos\PROJECT C#\FoodStreet.Server\obj\Debug\net8.0\apphost.exe" to "bin\Debug\net8.0\FoodStreet.Server.exe". Beginning retry 10 in 1000ms. The process cannot access the file 'c:\Users\letro\source\repos\PROJECT C#\FoodStreet.Server\bin\Debug\net8.0\FoodStreet.Server.exe' because it is being used by another process. The file is locked by: "FoodStreet.Server (28348)" [c:\Users\letro\source\repos\PROJECT C#\FoodStreet.Server\FoodStreet.Server.csproj]
C:\Program Files\dotnet\sdk\10.0.102\Microsoft.Common.CurrentVersion.targets(5381,5): error MSB3027: Could not copy "c:\Users\letro\source\repos\PROJECT C#\FoodStreet.Server\obj\Debug\net8.0\apphost.exe" to "bin\Debug\net8.0\FoodStreet.Server.exe". Exceeded retry count of 10. Failed. The file is locked by: "FoodStreet.Server (28348)" [c:\Users\letro\source\repos\PROJECT C#\FoodStreet.Server\FoodStreet.Server.csproj]
C:\Program Files\dotnet\sdk\10.0.102\Microsoft.Common.CurrentVersion.targets(5381,5): error MSB3021: Unable to copy file "c:\Users\letro\source\repos\PROJECT C#\FoodStreet.Server\obj\Debug\net8.0\apphost.exe" to "bin\Debug\net8.0\FoodStreet.Server.exe". The process cannot access the file 'c:\Users\letro\source\repos\PROJECT C#\FoodStreet.Server\bin\Debug\net8.0\FoodStreet.Server.exe' because it is being used by another process. [c:\Users\letro\source\repos\PROJECT C#\FoodStreet.Server\FoodStreet.Server.csproj]

Build FAILED.

C:\Program Files\dotnet\sdk\10.0.102\Microsoft.Common.CurrentVersion.targets(5381,5): warning MSB3026: Could not copy "c:\Users\letro\source\repos\PROJECT C#\FoodStreet.Server\obj\Debug\net8.0\apphost.exe" to "bin\Debug\net8.0\FoodStreet.Server.exe". Beginning retry 1 in 1000ms. The process cannot access the file 'c:\Users\letro\source\repos\PROJECT C#\FoodStreet.Server\bin\Debug\net8.0\FoodStreet.Server.exe' because it is being used by another process. The file is locked by: "FoodStreet.Server (28348)" [c:\Users\letro\source\repos\PROJECT C#\FoodStreet.Server\FoodStreet.Server.csproj]
C:\Program Files\dotnet\sdk\10.0.102\Microsoft.Common.CurrentVersion.targets(5381,5): warning MSB3026: Could not copy "c:\Users\letro\source\repos\PROJECT C#\FoodStreet.Server\obj\Debug\net8.0\apphost.exe" to "bin\Debug\net8.0\FoodStreet.Server.exe". Beginning retry 2 in 1000ms. The process cannot access the file 'c:\Users\letro\source\repos\PROJECT C#\FoodStreet.Server\bin\Debug\net8.0\FoodStreet.Server.exe' because it is being used by another process. The file is locked by: "FoodStreet.Server (28348)" [c:\Users\letro\source\repos\PROJECT C#\FoodStreet.Server\FoodStreet.Server.csproj]
C:\Program Files\dotnet\sdk\10.0.102\Microsoft.Common.CurrentVersion.targets(5381,5): warning MSB3026: Could not copy "c:\Users\letro\source\repos\PROJECT C#\FoodStreet.Server\obj\Debug\net8.0\apphost.exe" to "bin\Debug\net8.0\FoodStreet.Server.exe". Beginning retry 3 in 1000ms. The process cannot access the file 'c:\Users\letro\source\repos\PROJECT C#\FoodStreet.Server\bin\Debug\net8.0\FoodStreet.Server.exe' because it is being used by another process. The file is locked by: "FoodStreet.Server (28348)" [c:\Users\letro\source\repos\PROJECT C#\FoodStreet.Server\FoodStreet.Server.csproj]
C:\Program Files\dotnet\sdk\10.0.102\Microsoft.Common.CurrentVersion.targets(5381,5): warning MSB3026: Could not copy "c:\Users\letro\source\repos\PROJECT C#\FoodStreet.Server\obj\Debug\net8.0\apphost.exe" to "bin\Debug\net8.0\FoodStreet.Server.exe". Beginning retry 4 in 1000ms. The process cannot access the file 'c:\Users\letro\source\repos\PROJECT C#\FoodStreet.Server\bin\Debug\net8.0\FoodStreet.Server.exe' because it is being used by another process. The file is locked by: "FoodStreet.Server (28348)" [c:\Users\letro\source\repos\PROJECT C#\FoodStreet.Server\FoodStreet.Server.csproj]
C:\Program Files\dotnet\sdk\10.0.102\Microsoft.Common.CurrentVersion.targets(5381,5): warning MSB3026: Could not copy "c:\Users\letro\source\repos\PROJECT C#\FoodStreet.Server\obj\Debug\net8.0\apphost.exe" to "bin\Debug\net8.0\FoodStreet.Server.exe". Beginning retry 5 in 1000ms. The process cannot access the file 'c:\Users\letro\source\repos\PROJECT C#\FoodStreet.Server\bin\Debug\net8.0\FoodStreet.Server.exe' because it is being used by another process. The file is locked by: "FoodStreet.Server (28348)" [c:\Users\letro\source\repos\PROJECT C#\FoodStreet.Server\FoodStreet.Server.csproj]
C:\Program Files\dotnet\sdk\10.0.102\Microsoft.Common.CurrentVersion.targets(5381,5): warning MSB3026: Could not copy "c:\Users\letro\source\repos\PROJECT C#\FoodStreet.Server\obj\Debug\net8.0\apphost.exe" to "bin\Debug\net8.0\FoodStreet.Server.exe". Beginning retry 6 in 1000ms. The process cannot access the file 'c:\Users\letro\source\repos\PROJECT C#\FoodStreet.Server\bin\Debug\net8.0\FoodStreet.Server.exe' because it is being used by another process. The file is locked by: "FoodStreet.Server (28348)" [c:\Users\letro\source\repos\PROJECT C#\FoodStreet.Server\FoodStreet.Server.csproj]
C:\Program Files\dotnet\sdk\10.0.102\Microsoft.Common.CurrentVersion.targets(5381,5): warning MSB3026: Could not copy "c:\Users\letro\source\repos\PROJECT C#\FoodStreet.Server\obj\Debug\net8.0\apphost.exe" to "bin\Debug\net8.0\FoodStreet.Server.exe". Beginning retry 7 in 1000ms. The process cannot access the file 'c:\Users\letro\source\repos\PROJECT C#\FoodStreet.Server\bin\Debug\net8.0\FoodStreet.Server.exe' because it is being used by another process. The file is locked by: "FoodStreet.Server (28348)" [c:\Users\letro\source\repos\PROJECT C#\FoodStreet.Server\FoodStreet.Server.csproj]
C:\Program Files\dotnet\sdk\10.0.102\Microsoft.Common.CurrentVersion.targets(5381,5): warning MSB3026: Could not copy "c:\Users\letro\source\repos\PROJECT C#\FoodStreet.Server\obj\Debug\net8.0\apphost.exe" to "bin\Debug\net8.0\FoodStreet.Server.exe". Beginning retry 8 in 1000ms. The process cannot access the file 'c:\Users\letro\source\repos\PROJECT C#\FoodStreet.Server\bin\Debug\net8.0\FoodStreet.Server.exe' because it is being used by another process. The file is locked by: "FoodStreet.Server (28348)" [c:\Users\letro\source\repos\PROJECT C#\FoodStreet.Server\FoodStreet.Server.csproj]
C:\Program Files\dotnet\sdk\10.0.102\Microsoft.Common.CurrentVersion.targets(5381,5): warning MSB3026: Could not copy "c:\Users\letro\source\repos\PROJECT C#\FoodStreet.Server\obj\Debug\net8.0\apphost.exe" to "bin\Debug\net8.0\FoodStreet.Server.exe". Beginning retry 9 in 1000ms. The process cannot access the file 'c:\Users\letro\source\repos\PROJECT C#\FoodStreet.Server\bin\Debug\net8.0\FoodStreet.Server.exe' because it is being used by another process. The file is locked by: "FoodStreet.Server (28348)" [c:\Users\letro\source\repos\PROJECT C#\FoodStreet.Server\FoodStreet.Server.csproj]
C:\Program Files\dotnet\sdk\10.0.102\Microsoft.Common.CurrentVersion.targets(5381,5): warning MSB3026: Could not copy "c:\Users\letro\source\repos\PROJECT C#\FoodStreet.Server\obj\Debug\net8.0\apphost.exe" to "bin\Debug\net8.0\FoodStreet.Server.exe". Beginning retry 10 in 1000ms. The process cannot access the file 'c:\Users\letro\source\repos\PROJECT C#\FoodStreet.Server\bin\Debug\net8.0\FoodStreet.Server.exe' because it is being used by another process. The file is locked by: "FoodStreet.Server (28348)" [c:\Users\letro\source\repos\PROJECT C#\FoodStreet.Server\FoodStreet.Server.csproj]
C:\Program Files\dotnet\sdk\10.0.102\Microsoft.Common.CurrentVersion.targets(5381,5): error MSB3027: Could not copy "c:\Users\letro\source\repos\PROJECT C#\FoodStreet.Server\obj\Debug\net8.0\apphost.exe" to "bin\Debug\net8.0\FoodStreet.Server.exe". Exceeded retry count of 10. Failed. The file is locked by: "FoodStreet.Server (28348)" [c:\Users\letro\source\repos\PROJECT C#\FoodStreet.Server\FoodStreet.Server.csproj]
C:\Program Files\dotnet\sdk\10.0.102\Microsoft.Common.CurrentVersion.targets(5381,5): error MSB3021: Unable to copy file "c:\Users\letro\source\repos\PROJECT C#\FoodStreet.Server\obj\Debug\net8.0\apphost.exe" to "bin\Debug\net8.0\FoodStreet.Server.exe". The process cannot access the file 'c:\Users\letro\source\repos\PROJECT C#\FoodStreet.Server\bin\Debug\net8.0\FoodStreet.Server.exe' because it is being used by another process. [c:\Users\letro\source\repos\PROJECT C#\FoodStreet.Server\FoodStreet.Server.csproj]
    10 Warning(s)
    2 Error(s)

Time Elapsed 00:00:14.74
